// Jest Snapshot v1, https://goo.gl/fbAQLP

exports[`TalkInfo 1`] = `
<div
  className="sc-gsTCUz gCgpQH"
>
  <div
    className="sc-bdfBwQ eqqTko"
  >
    <h2
      className="sc-dlfnbm edmzhC"
    >
      ほげふが
    </h2>
    <h3>
      alice / bob
    </h3>
    <div
      className="sc-hKgILt bAZhMm"
    >
      ぴよぴよ
    </div>
    <h4
      className="sc-jSgupP eiDkDi"
    >
      <img
        className="sc-gKsewC keBlao"
        src="/cndo2021/ui/images/talk_icon.png"
      />
      一緒に盛り上がろう
    </h4>
    <a
      className="sc-eCssSg bkAosv"
      href="https://discord.gg/bvuTMNQ"
      target="_blank"
    >
      <img
        className="sc-iBPRYJ kJpEqb"
        src="/cndo2021/ui/images/discord.png"
      />
      <span
        className="sc-fubCfw ACARE"
      >
        Ask the speaker
      </span>
    </a>
    <a
      className="sc-eCssSg bkAosv"
      href="http://twitter.com/share?url=https://event.cloudnativedays.jp/cndo2021&related=@cloudnativedays&hashtags=CNDO2021"
      target="_blank"
    >
      <img
        className="sc-iBPRYJ kJpEqb"
        src="/cndo2021/ui/images/twitter.png"
      />
      <span
        className="sc-fubCfw ACARE"
      >
        Twitterでつぶやく #CNDT2020_
      </span>
    </a>
  </div>
</div>
`;
