// Jest Snapshot v1, https://goo.gl/fbAQLP

exports[`Layout 1`] = `
<div
  className="sc-bdvvaa gaikju"
>
  <header>
    <header
      className="MuiPaper-root MuiAppBar-root MuiAppBar-positionStatic MuiAppBar-colorPrimary MuiPaper-elevation4"
    >
      <div
        className="MuiToolbar-root MuiToolbar-regular sc-gsDJrp jwnBFE MuiToolbar-gutters"
      >
        <a
          href="/cndt2021/ui"
          rel="noopener noreferrer"
        >
          <img
            className="sc-dkPtyc dcrCnB"
            src="/cndt2021/ui/images/cndt2021_header_logo.png"
          />
        </a>
        <div
          className="sc-hBURRC kRpPej"
        >
          <a
            className="sc-kfPtPH kznfLJ"
            href="/cndt2021/ui/discussionboard"
            rel="noreferrer"
          >
            <button
              className="MuiButtonBase-root MuiButton-root MuiButton-text"
              disabled={false}
              onBlur={[Function]}
              onDragLeave={[Function]}
              onFocus={[Function]}
              onKeyDown={[Function]}
              onKeyUp={[Function]}
              onMouseDown={[Function]}
              onMouseLeave={[Function]}
              onMouseUp={[Function]}
              onTouchEnd={[Function]}
              onTouchMove={[Function]}
              onTouchStart={[Function]}
              style={
                Object {
                  "color": "#423A57",
                }
              }
              tabIndex={0}
              type="button"
            >
              <span
                className="MuiButton-label"
              >
                DiscussionBoard
              </span>
            </button>
          </a>
          <a
            className="sc-kfPtPH kznfLJ"
            href="/cndt2021/timetables"
            rel="noreferrer"
          >
            <button
              className="MuiButtonBase-root MuiButton-root MuiButton-text"
              disabled={false}
              onBlur={[Function]}
              onDragLeave={[Function]}
              onFocus={[Function]}
              onKeyDown={[Function]}
              onKeyUp={[Function]}
              onMouseDown={[Function]}
              onMouseLeave={[Function]}
              onMouseUp={[Function]}
              onTouchEnd={[Function]}
              onTouchMove={[Function]}
              onTouchStart={[Function]}
              style={
                Object {
                  "color": "#423A57",
                }
              }
              tabIndex={0}
              type="button"
            >
              <span
                className="MuiButton-label"
              >
                Timetable
              </span>
            </button>
          </a>
          <button
            className="MuiButtonBase-root MuiButton-root MuiButton-text"
            disabled={false}
            href=""
            onBlur={[Function]}
            onDragLeave={[Function]}
            onFocus={[Function]}
            onKeyDown={[Function]}
            onKeyUp={[Function]}
            onMouseDown={[Function]}
            onMouseLeave={[Function]}
            onMouseUp={[Function]}
            onTouchEnd={[Function]}
            onTouchMove={[Function]}
            onTouchStart={[Function]}
            style={
              Object {
                "color": "#423A57",
              }
            }
            tabIndex={0}
            type="button"
          >
            <span
              className="MuiButton-label"
            >
              Logout
            </span>
          </button>
        </div>
      </div>
      <div
        className="sc-fotPbf gvqOBI"
      >
        <a
          className="sc-kfPtPH kznfLJ"
          href="/cndt2021/ui/discussionboard"
          rel="noreferrer"
        >
          <button
            className="MuiButtonBase-root MuiButton-root MuiButton-text"
            disabled={false}
            onBlur={[Function]}
            onDragLeave={[Function]}
            onFocus={[Function]}
            onKeyDown={[Function]}
            onKeyUp={[Function]}
            onMouseDown={[Function]}
            onMouseLeave={[Function]}
            onMouseUp={[Function]}
            onTouchEnd={[Function]}
            onTouchMove={[Function]}
            onTouchStart={[Function]}
            style={
              Object {
                "color": "#423A57",
              }
            }
            tabIndex={0}
            type="button"
          >
            <span
              className="MuiButton-label"
            >
              Discussion
            </span>
          </button>
        </a>
        <a
          className="sc-kfPtPH kznfLJ"
          href="/cndt2021/timetables"
          rel="noreferrer"
        >
          <button
            className="MuiButtonBase-root MuiButton-root MuiButton-text"
            disabled={false}
            onBlur={[Function]}
            onDragLeave={[Function]}
            onFocus={[Function]}
            onKeyDown={[Function]}
            onKeyUp={[Function]}
            onMouseDown={[Function]}
            onMouseLeave={[Function]}
            onMouseUp={[Function]}
            onTouchEnd={[Function]}
            onTouchMove={[Function]}
            onTouchStart={[Function]}
            style={
              Object {
                "color": "#423A57",
              }
            }
            tabIndex={0}
            type="button"
          >
            <span
              className="MuiButton-label"
            >
              Timetable
            </span>
          </button>
        </a>
        <button
          className="MuiButtonBase-root MuiButton-root MuiButton-text"
          disabled={false}
          href=""
          onBlur={[Function]}
          onDragLeave={[Function]}
          onFocus={[Function]}
          onKeyDown={[Function]}
          onKeyUp={[Function]}
          onMouseDown={[Function]}
          onMouseLeave={[Function]}
          onMouseUp={[Function]}
          onTouchEnd={[Function]}
          onTouchMove={[Function]}
          onTouchStart={[Function]}
          style={
            Object {
              "color": "#423A57",
            }
          }
          tabIndex={0}
          type="button"
        >
          <span
            className="MuiButton-label"
          >
            Logout
          </span>
        </button>
      </div>
    </header>
  </header>
  <div
    className="sc-hKwCoD fKeepo"
  />
  <footer
    className="sc-eCImvq cEommq"
  >
    <a
      className="sc-gKckTs ihfSwi"
      href="https://event.cloudnativedays.jp/cndt2021/privacy"
      rel="noopener noreferrer"
      target="_blank"
    >
      プライバシーポリシー
    </a>
    <a
      className="sc-gKckTs ihfSwi"
      href="https://event.cloudnativedays.jp/cndt2021/coc"
      rel="noopener noreferrer"
      target="_blank"
    >
      行動規範
    </a>
    <div
      className="sc-jRQAMF hWJkmJ"
    >
      © CloudNative Days Spring 2021 ONLINE (Secretariat by Impress Corporation)
    </div>
  </footer>
</div>
`;
