// Jest Snapshot v1, https://goo.gl/fbAQLP

exports[`IvsPlayer 1`] = `
<div
  className="styled__Container-sc-86hpyq-0 cDXyjC"
>
  <div
    className="styled__IvsPlayerContainer-sc-1l56t7n-0 htNCDq"
  >
    <video
      autoPlay={true}
      className="styled__IvsPlayerVideo-sc-1l56t7n-1 fgKZHq video-js vjs-16-9 vjs-big-play-centered"
      controls={true}
      muted={false}
      playsInline={true}
    />
  </div>
</div>
`;
