// Jest Snapshot v1, https://goo.gl/fbAQLP

exports[`Player 1`] = `
<div
  className="sc-dlfnbm fbDFAt"
>
  <div
    className="sc-bdfBwQ iOawCe"
  >
    <iframe
      allow="autoplay; fullscreen"
      allowFullScreen={true}
      className="sc-gsTCUz kUeSWu"
      frameBorder="0"
      src="https://player.vimeo.com/video/453943528?autoplay=1"
    />
  </div>
</div>
`;
