// Jest Snapshot v1, https://goo.gl/fbAQLP

exports[`TrackSelector 1`] = `
<div
  className="MuiToggleButtonGroup-root styled__TrackMenuContainer-sc-hs19f1-0 eMCVUt"
  color="primary"
  role="group"
>
  <button
    aria-pressed={false}
    className="MuiButtonBase-root MuiToggleButton-root styled__MenuItem-sc-hs19f1-1 dIsEnw MuiToggleButtonGroup-grouped MuiToggleButtonGroup-groupedHorizontal"
    disabled={false}
    onBlur={[Function]}
    onChange={[Function]}
    onClick={[Function]}
    onDragLeave={[Function]}
    onFocus={[Function]}
    onKeyDown={[Function]}
    onKeyUp={[Function]}
    onMouseDown={[Function]}
    onMouseLeave={[Function]}
    onMouseUp={[Function]}
    onTouchEnd={[Function]}
    onTouchMove={[Function]}
    onTouchStart={[Function]}
    tabIndex={0}
    type="button"
    value={10}
  >
    <span
      className="MuiToggleButton-label"
    >
      A
    </span>
  </button>
  <button
    aria-pressed={false}
    className="MuiButtonBase-root MuiToggleButton-root styled__MenuItem-sc-hs19f1-1 dIsEnw MuiToggleButtonGroup-grouped MuiToggleButtonGroup-groupedHorizontal"
    disabled={false}
    onBlur={[Function]}
    onChange={[Function]}
    onClick={[Function]}
    onDragLeave={[Function]}
    onFocus={[Function]}
    onKeyDown={[Function]}
    onKeyUp={[Function]}
    onMouseDown={[Function]}
    onMouseLeave={[Function]}
    onMouseUp={[Function]}
    onTouchEnd={[Function]}
    onTouchMove={[Function]}
    onTouchStart={[Function]}
    tabIndex={0}
    type="button"
    value={11}
  >
    <span
      className="MuiToggleButton-label"
    >
      B
    </span>
  </button>
  <button
    aria-pressed={false}
    className="MuiButtonBase-root MuiToggleButton-root styled__MenuItem-sc-hs19f1-1 dIsEnw MuiToggleButtonGroup-grouped MuiToggleButtonGroup-groupedHorizontal"
    disabled={false}
    onBlur={[Function]}
    onChange={[Function]}
    onClick={[Function]}
    onDragLeave={[Function]}
    onFocus={[Function]}
    onKeyDown={[Function]}
    onKeyUp={[Function]}
    onMouseDown={[Function]}
    onMouseLeave={[Function]}
    onMouseUp={[Function]}
    onTouchEnd={[Function]}
    onTouchMove={[Function]}
    onTouchStart={[Function]}
    tabIndex={0}
    type="button"
    value={12}
  >
    <span
      className="MuiToggleButton-label"
    >
      C
    </span>
  </button>
</div>
`;
