// Jest Snapshot v1, https://goo.gl/fbAQLP

exports[`TrackSelector 1`] = `
<div
  aria-label="text primary button group"
  className="MuiToggleButtonGroup-root makeStyles-buttongroup-2"
  color="primary"
  role="group"
>
  <button
    aria-pressed={false}
    className="MuiButtonBase-root MuiToggleButton-root MuiToggleButtonGroup-grouped MuiToggleButtonGroup-groupedHorizontal makeStyles-debug-1"
    disabled={false}
    onBlur={[Function]}
    onChange={[Function]}
    onClick={[Function]}
    onDragLeave={[Function]}
    onFocus={[Function]}
    onKeyDown={[Function]}
    onKeyUp={[Function]}
    onMouseDown={[Function]}
    onMouseLeave={[Function]}
    onMouseUp={[Function]}
    onTouchEnd={[Function]}
    onTouchMove={[Function]}
    onTouchStart={[Function]}
    tabIndex={0}
    type="button"
    value={10}
  >
    <span
      className="MuiToggleButton-label"
    >
      A
    </span>
  </button>
  <button
    aria-pressed={false}
    className="MuiButtonBase-root MuiToggleButton-root MuiToggleButtonGroup-grouped MuiToggleButtonGroup-groupedHorizontal makeStyles-debug-1"
    disabled={false}
    onBlur={[Function]}
    onChange={[Function]}
    onClick={[Function]}
    onDragLeave={[Function]}
    onFocus={[Function]}
    onKeyDown={[Function]}
    onKeyUp={[Function]}
    onMouseDown={[Function]}
    onMouseLeave={[Function]}
    onMouseUp={[Function]}
    onTouchEnd={[Function]}
    onTouchMove={[Function]}
    onTouchStart={[Function]}
    tabIndex={0}
    type="button"
    value={11}
  >
    <span
      className="MuiToggleButton-label"
    >
      B
    </span>
  </button>
  <button
    aria-pressed={false}
    className="MuiButtonBase-root MuiToggleButton-root MuiToggleButtonGroup-grouped MuiToggleButtonGroup-groupedHorizontal makeStyles-debug-1"
    disabled={false}
    onBlur={[Function]}
    onChange={[Function]}
    onClick={[Function]}
    onDragLeave={[Function]}
    onFocus={[Function]}
    onKeyDown={[Function]}
    onKeyUp={[Function]}
    onMouseDown={[Function]}
    onMouseLeave={[Function]}
    onMouseUp={[Function]}
    onTouchEnd={[Function]}
    onTouchMove={[Function]}
    onTouchStart={[Function]}
    tabIndex={0}
    type="button"
    value={12}
  >
    <span
      className="MuiToggleButton-label"
    >
      C
    </span>
  </button>
</div>
`;
