// Jest Snapshot v1, https://goo.gl/fbAQLP

exports[`TrackSelector 1`] = `
<div
  aria-label="text primary button group"
  className="MuiToggleButtonGroup-root makeStyles-buttongroup-2"
  color="primary"
  role="group"
>
  <button
    aria-pressed={true}
    className="MuiButtonBase-root MuiToggleButton-root MuiToggleButtonGroup-grouped MuiToggleButtonGroup-groupedHorizontal makeStyles-debug-1 Mui-selected"
    disabled={false}
    onBlur={[Function]}
    onChange={[Function]}
    onClick={[Function]}
    onDragLeave={[Function]}
    onFocus={[Function]}
    onKeyDown={[Function]}
    onKeyUp={[Function]}
    onMouseDown={[Function]}
    onMouseLeave={[Function]}
    onMouseUp={[Function]}
    onTouchEnd={[Function]}
    onTouchMove={[Function]}
    onTouchStart={[Function]}
    tabIndex={0}
    type="button"
    value="1"
  >
    <span
      className="MuiToggleButton-label"
    >
      Track 1
    </span>
  </button>
  <button
    aria-pressed={false}
    className="MuiButtonBase-root MuiToggleButton-root MuiToggleButtonGroup-grouped MuiToggleButtonGroup-groupedHorizontal makeStyles-debug-1"
    disabled={false}
    onBlur={[Function]}
    onChange={[Function]}
    onClick={[Function]}
    onDragLeave={[Function]}
    onFocus={[Function]}
    onKeyDown={[Function]}
    onKeyUp={[Function]}
    onMouseDown={[Function]}
    onMouseLeave={[Function]}
    onMouseUp={[Function]}
    onTouchEnd={[Function]}
    onTouchMove={[Function]}
    onTouchStart={[Function]}
    tabIndex={0}
    type="button"
    value="2"
  >
    <span
      className="MuiToggleButton-label"
    >
      Track 2
    </span>
  </button>
  <button
    aria-pressed={false}
    className="MuiButtonBase-root MuiToggleButton-root MuiToggleButtonGroup-grouped MuiToggleButtonGroup-groupedHorizontal makeStyles-debug-1"
    disabled={false}
    onBlur={[Function]}
    onChange={[Function]}
    onClick={[Function]}
    onDragLeave={[Function]}
    onFocus={[Function]}
    onKeyDown={[Function]}
    onKeyUp={[Function]}
    onMouseDown={[Function]}
    onMouseLeave={[Function]}
    onMouseUp={[Function]}
    onTouchEnd={[Function]}
    onTouchMove={[Function]}
    onTouchStart={[Function]}
    tabIndex={0}
    type="button"
    value="3"
  >
    <span
      className="MuiToggleButton-label"
    >
      Track 3
    </span>
  </button>
  <button
    aria-pressed={false}
    className="MuiButtonBase-root MuiToggleButton-root MuiToggleButtonGroup-grouped MuiToggleButtonGroup-groupedHorizontal makeStyles-debug-1"
    disabled={false}
    onBlur={[Function]}
    onChange={[Function]}
    onClick={[Function]}
    onDragLeave={[Function]}
    onFocus={[Function]}
    onKeyDown={[Function]}
    onKeyUp={[Function]}
    onMouseDown={[Function]}
    onMouseLeave={[Function]}
    onMouseUp={[Function]}
    onTouchEnd={[Function]}
    onTouchMove={[Function]}
    onTouchStart={[Function]}
    tabIndex={0}
    type="button"
    value="4"
  >
    <span
      className="MuiToggleButton-label"
    >
      Track 4
    </span>
  </button>
  <button
    aria-pressed={false}
    className="MuiButtonBase-root MuiToggleButton-root MuiToggleButtonGroup-grouped MuiToggleButtonGroup-groupedHorizontal makeStyles-debug-1"
    disabled={false}
    onBlur={[Function]}
    onChange={[Function]}
    onClick={[Function]}
    onDragLeave={[Function]}
    onFocus={[Function]}
    onKeyDown={[Function]}
    onKeyUp={[Function]}
    onMouseDown={[Function]}
    onMouseLeave={[Function]}
    onMouseUp={[Function]}
    onTouchEnd={[Function]}
    onTouchMove={[Function]}
    onTouchStart={[Function]}
    tabIndex={0}
    type="button"
    value="5"
  >
    <span
      className="MuiToggleButton-label"
    >
      Track 5
    </span>
  </button>
  <button
    aria-pressed={false}
    className="MuiButtonBase-root MuiToggleButton-root MuiToggleButtonGroup-grouped MuiToggleButtonGroup-groupedHorizontal makeStyles-debug-1"
    disabled={false}
    onBlur={[Function]}
    onChange={[Function]}
    onClick={[Function]}
    onDragLeave={[Function]}
    onFocus={[Function]}
    onKeyDown={[Function]}
    onKeyUp={[Function]}
    onMouseDown={[Function]}
    onMouseLeave={[Function]}
    onMouseUp={[Function]}
    onTouchEnd={[Function]}
    onTouchMove={[Function]}
    onTouchStart={[Function]}
    tabIndex={0}
    type="button"
    value="6"
  >
    <span
      className="MuiToggleButton-label"
    >
      Track 6
    </span>
  </button>
</div>
`;
